// Jest Snapshot v1, https://goo.gl/fbAQLP

exports[`RosterList Hasn't changed since the last snapshot 1`] = `
ShallowWrapper {
  "length": 1,
  Symbol(enzyme.__root__): [Circular],
  Symbol(enzyme.__unrendered__): <RosterList
    getRosterList={[Function]}
    players={Array []}
    state={
      Object {
        "RosterListReducer": Object {},
      }
    }
    store={
      Object {
        "dispatch": [Function],
        "getState": [Function],
        "subscribe": [Function],
      }
    }
  />,
  Symbol(enzyme.__renderer__): Object {
    "batchedUpdates": [Function],
    "getNode": [Function],
    "render": [Function],
    "simulateEvent": [Function],
    "unmount": [Function],
  },
  Symbol(enzyme.__node__): Object {
    "instance": null,
    "key": undefined,
    "nodeType": "class",
    "props": Object {
      "AggregatedComponent": [Function],
      "ExpanderComponent": [Function],
      "FilterComponent": [Function],
      "LoadingComponent": [Function],
      "NextComponent": undefined,
      "NoDataComponent": [Function],
      "PadRowComponent": [Function],
      "PaginationComponent": [Function],
      "PivotComponent": undefined,
      "PivotValueComponent": [Function],
      "PreviousComponent": undefined,
      "ResizerComponent": [Function],
      "TableComponent": [Function],
      "TbodyComponent": [Function],
      "TdComponent": [Function],
      "TfootComponent": [Function],
      "ThComponent": [Function],
      "TheadComponent": [Function],
      "TrComponent": [Function],
      "TrGroupComponent": [Function],
      "aggregatedKey": "_aggregated",
      "className": "",
      "collapseOnDataChange": true,
      "collapseOnPageChange": true,
      "collapseOnSortingChange": true,
      "column": Object {
        "Aggregated": undefined,
        "Cell": undefined,
        "Expander": undefined,
        "Filter": undefined,
        "Footer": undefined,
        "Header": undefined,
        "Pivot": undefined,
        "PivotValue": undefined,
        "aggregate": undefined,
        "className": "",
        "filterAll": false,
        "filterMethod": undefined,
        "filterable": undefined,
        "footerClassName": "",
        "footerStyle": Object {},
        "getFooterProps": [Function],
        "getHeaderProps": [Function],
        "getProps": [Function],
        "headerClassName": "",
        "headerStyle": Object {},
        "minWidth": 100,
        "resizable": undefined,
        "show": true,
        "sortMethod": undefined,
        "sortable": undefined,
        "style": Object {},
      },
      "columns": Array [
        Object {
          "columns": Array [
            Object {
              "Header": "First",
              "accessor": "first_name",
            },
            Object {
              "Header": "Last",
              "accessor": "last_name",
              "id": "last_name",
            },
            Object {
              "Header": "Rating",
              "accessor": "rating",
              "id": "rating",
            },
            Object {
              "Header": "Hand",
              "accessor": "handedness",
              "id": "handedness",
            },
            Object {
              "Cell": [Function],
              "Header": "Actions",
              "accessor": "id",
              "id": "actions",
            },
          ],
        },
      ],
      "data": Array [],
      "defaultExpanded": Object {},
      "defaultFilterMethod": [Function],
      "defaultFiltered": Array [],
      "defaultPageSize": 5,
      "defaultResized": Array [],
      "defaultSortDesc": false,
      "defaultSortMethod": [Function],
      "defaultSorted": Array [
        Object {
          "desc": true,
          "id": "rating",
        },
      ],
      "expanderDefaults": Object {
        "filterable": false,
        "resizable": false,
        "sortable": false,
        "width": 35,
      },
      "filterable": false,
      "freezeWhenExpanded": false,
      "getLoadingProps": [Function],
      "getNoDataProps": [Function],
      "getPaginationProps": [Function],
      "getProps": [Function],
      "getResizerProps": [Function],
      "getTableProps": [Function],
      "getTbodyProps": [Function],
      "getTdProps": [Function],
      "getTfootProps": [Function],
      "getTfootTdProps": [Function],
      "getTfootTrProps": [Function],
      "getTheadFilterProps": [Function],
      "getTheadFilterThProps": [Function],
      "getTheadFilterTrProps": [Function],
      "getTheadGroupProps": [Function],
      "getTheadGroupThProps": [Function],
      "getTheadGroupTrProps": [Function],
      "getTheadProps": [Function],
      "getTheadThProps": [Function],
      "getTheadTrProps": [Function],
      "getTrGroupProps": [Function],
      "getTrProps": [Function],
      "groupedByPivotKey": "_groupedByPivot",
      "indexKey": "_index",
      "loading": false,
      "loadingText": "Loading...",
      "multiSort": true,
      "nestingLevelKey": "_nestingLevel",
      "nextText": "Next",
      "noDataText": "Take me to your leader",
      "ofText": "of",
      "onExpandedChange": undefined,
      "onFetchData": [Function],
      "onFilteredChange": undefined,
      "onPageChange": undefined,
      "onPageSizeChange": undefined,
      "onResizedChange": undefined,
      "onSortedChange": undefined,
      "originalKey": "_original",
      "pageSizeOptions": Array [
        5,
        10,
        20,
        25,
        50,
        100,
      ],
      "pageText": "Page",
      "pivotBy": undefined,
      "pivotDefaults": Object {},
      "pivotIDKey": "_pivotID",
      "pivotValKey": "_pivotVal",
      "previousText": "Previous",
      "resizable": false,
      "resolveData": [Function],
      "rowsText": "rows",
      "showPageJump": true,
      "showPageSizeOptions": false,
      "showPagination": true,
      "showPaginationBottom": true,
      "showPaginationTop": false,
      "sortable": false,
      "style": Object {},
      "subRowsKey": "_subRows",
    },
    "ref": null,
    "rendered": null,
    "type": [Function],
  },
  Symbol(enzyme.__nodes__): Array [
    Object {
      "instance": null,
      "key": undefined,
      "nodeType": "class",
      "props": Object {
        "AggregatedComponent": [Function],
        "ExpanderComponent": [Function],
        "FilterComponent": [Function],
        "LoadingComponent": [Function],
        "NextComponent": undefined,
        "NoDataComponent": [Function],
        "PadRowComponent": [Function],
        "PaginationComponent": [Function],
        "PivotComponent": undefined,
        "PivotValueComponent": [Function],
        "PreviousComponent": undefined,
        "ResizerComponent": [Function],
        "TableComponent": [Function],
        "TbodyComponent": [Function],
        "TdComponent": [Function],
        "TfootComponent": [Function],
        "ThComponent": [Function],
        "TheadComponent": [Function],
        "TrComponent": [Function],
        "TrGroupComponent": [Function],
        "aggregatedKey": "_aggregated",
        "className": "",
        "collapseOnDataChange": true,
        "collapseOnPageChange": true,
        "collapseOnSortingChange": true,
        "column": Object {
          "Aggregated": undefined,
          "Cell": undefined,
          "Expander": undefined,
          "Filter": undefined,
          "Footer": undefined,
          "Header": undefined,
          "Pivot": undefined,
          "PivotValue": undefined,
          "aggregate": undefined,
          "className": "",
          "filterAll": false,
          "filterMethod": undefined,
          "filterable": undefined,
          "footerClassName": "",
          "footerStyle": Object {},
          "getFooterProps": [Function],
          "getHeaderProps": [Function],
          "getProps": [Function],
          "headerClassName": "",
          "headerStyle": Object {},
          "minWidth": 100,
          "resizable": undefined,
          "show": true,
          "sortMethod": undefined,
          "sortable": undefined,
          "style": Object {},
        },
        "columns": Array [
          Object {
            "columns": Array [
              Object {
                "Header": "First",
                "accessor": "first_name",
              },
              Object {
                "Header": "Last",
                "accessor": "last_name",
                "id": "last_name",
              },
              Object {
                "Header": "Rating",
                "accessor": "rating",
                "id": "rating",
              },
              Object {
                "Header": "Hand",
                "accessor": "handedness",
                "id": "handedness",
              },
              Object {
                "Cell": [Function],
                "Header": "Actions",
                "accessor": "id",
                "id": "actions",
              },
            ],
          },
        ],
        "data": Array [],
        "defaultExpanded": Object {},
        "defaultFilterMethod": [Function],
        "defaultFiltered": Array [],
        "defaultPageSize": 5,
        "defaultResized": Array [],
        "defaultSortDesc": false,
        "defaultSortMethod": [Function],
        "defaultSorted": Array [
          Object {
            "desc": true,
            "id": "rating",
          },
        ],
        "expanderDefaults": Object {
          "filterable": false,
          "resizable": false,
          "sortable": false,
          "width": 35,
        },
        "filterable": false,
        "freezeWhenExpanded": false,
        "getLoadingProps": [Function],
        "getNoDataProps": [Function],
        "getPaginationProps": [Function],
        "getProps": [Function],
        "getResizerProps": [Function],
        "getTableProps": [Function],
        "getTbodyProps": [Function],
        "getTdProps": [Function],
        "getTfootProps": [Function],
        "getTfootTdProps": [Function],
        "getTfootTrProps": [Function],
        "getTheadFilterProps": [Function],
        "getTheadFilterThProps": [Function],
        "getTheadFilterTrProps": [Function],
        "getTheadGroupProps": [Function],
        "getTheadGroupThProps": [Function],
        "getTheadGroupTrProps": [Function],
        "getTheadProps": [Function],
        "getTheadThProps": [Function],
        "getTheadTrProps": [Function],
        "getTrGroupProps": [Function],
        "getTrProps": [Function],
        "groupedByPivotKey": "_groupedByPivot",
        "indexKey": "_index",
        "loading": false,
        "loadingText": "Loading...",
        "multiSort": true,
        "nestingLevelKey": "_nestingLevel",
        "nextText": "Next",
        "noDataText": "Take me to your leader",
        "ofText": "of",
        "onExpandedChange": undefined,
        "onFetchData": [Function],
        "onFilteredChange": undefined,
        "onPageChange": undefined,
        "onPageSizeChange": undefined,
        "onResizedChange": undefined,
        "onSortedChange": undefined,
        "originalKey": "_original",
        "pageSizeOptions": Array [
          5,
          10,
          20,
          25,
          50,
          100,
        ],
        "pageText": "Page",
        "pivotBy": undefined,
        "pivotDefaults": Object {},
        "pivotIDKey": "_pivotID",
        "pivotValKey": "_pivotVal",
        "previousText": "Previous",
        "resizable": false,
        "resolveData": [Function],
        "rowsText": "rows",
        "showPageJump": true,
        "showPageSizeOptions": false,
        "showPagination": true,
        "showPaginationBottom": true,
        "showPaginationTop": false,
        "sortable": false,
        "style": Object {},
        "subRowsKey": "_subRows",
      },
      "ref": null,
      "rendered": null,
      "type": [Function],
    },
  ],
  Symbol(enzyme.__options__): Object {
    "adapter": ReactSixteenAdapter {
      "options": Object {
        "enableComponentDidUpdateOnSetState": true,
      },
    },
  },
}
`;
