// Jest Snapshot v1, https://goo.gl/fbAQLP

exports[`Main Hasn't changed since the last snapshot 1`] = `
ShallowWrapper {
  "length": 1,
  Symbol(enzyme.__root__): [Circular],
  Symbol(enzyme.__unrendered__): <Main
    isAuthenticated={true}
  />,
  Symbol(enzyme.__renderer__): Object {
    "batchedUpdates": [Function],
    "getNode": [Function],
    "render": [Function],
    "simulateEvent": [Function],
    "unmount": [Function],
  },
  Symbol(enzyme.__node__): Object {
    "instance": null,
    "key": undefined,
    "nodeType": "host",
    "props": Object {
      "children": <Switch>
        <Route
          exact={true}
          path="/"
          render={[Function]}
        />
        <Route
          component={[Function]}
          path="/login"
        />
        <Route
          component={[Function]}
          path="/register"
        />
        <PrivateRoute
          component={[Function]}
          isAuthenticated={true}
          path="/roster"
        />
        <PrivateRoute
          component={[Function]}
          isAuthenticated={true}
          path="/player/new"
        />
        <Route
          component={[Function]}
        />
      </Switch>,
    },
    "ref": null,
    "rendered": Object {
      "instance": null,
      "key": undefined,
      "nodeType": "class",
      "props": Object {
        "children": Array [
          <Route
            exact={true}
            path="/"
            render={[Function]}
          />,
          <Route
            component={[Function]}
            path="/login"
          />,
          <Route
            component={[Function]}
            path="/register"
          />,
          <PrivateRoute
            component={[Function]}
            isAuthenticated={true}
            path="/roster"
          />,
          <PrivateRoute
            component={[Function]}
            isAuthenticated={true}
            path="/player/new"
          />,
          <Route
            component={[Function]}
          />,
        ],
      },
      "ref": null,
      "rendered": Array [
        Object {
          "instance": null,
          "key": undefined,
          "nodeType": "class",
          "props": Object {
            "exact": true,
            "path": "/",
            "render": [Function],
          },
          "ref": null,
          "rendered": null,
          "type": [Function],
        },
        Object {
          "instance": null,
          "key": undefined,
          "nodeType": "class",
          "props": Object {
            "component": [Function],
            "path": "/login",
          },
          "ref": null,
          "rendered": null,
          "type": [Function],
        },
        Object {
          "instance": null,
          "key": undefined,
          "nodeType": "class",
          "props": Object {
            "component": [Function],
            "path": "/register",
          },
          "ref": null,
          "rendered": null,
          "type": [Function],
        },
        Object {
          "instance": null,
          "key": undefined,
          "nodeType": "function",
          "props": Object {
            "component": [Function],
            "isAuthenticated": true,
            "path": "/roster",
          },
          "ref": null,
          "rendered": null,
          "type": [Function],
        },
        Object {
          "instance": null,
          "key": undefined,
          "nodeType": "function",
          "props": Object {
            "component": [Function],
            "isAuthenticated": true,
            "path": "/player/new",
          },
          "ref": null,
          "rendered": null,
          "type": [Function],
        },
        Object {
          "instance": null,
          "key": undefined,
          "nodeType": "class",
          "props": Object {
            "component": [Function],
          },
          "ref": null,
          "rendered": null,
          "type": [Function],
        },
      ],
      "type": [Function],
    },
    "type": "main",
  },
  Symbol(enzyme.__nodes__): Array [
    Object {
      "instance": null,
      "key": undefined,
      "nodeType": "host",
      "props": Object {
        "children": <Switch>
          <Route
            exact={true}
            path="/"
            render={[Function]}
          />
          <Route
            component={[Function]}
            path="/login"
          />
          <Route
            component={[Function]}
            path="/register"
          />
          <PrivateRoute
            component={[Function]}
            isAuthenticated={true}
            path="/roster"
          />
          <PrivateRoute
            component={[Function]}
            isAuthenticated={true}
            path="/player/new"
          />
          <Route
            component={[Function]}
          />
        </Switch>,
      },
      "ref": null,
      "rendered": Object {
        "instance": null,
        "key": undefined,
        "nodeType": "class",
        "props": Object {
          "children": Array [
            <Route
              exact={true}
              path="/"
              render={[Function]}
            />,
            <Route
              component={[Function]}
              path="/login"
            />,
            <Route
              component={[Function]}
              path="/register"
            />,
            <PrivateRoute
              component={[Function]}
              isAuthenticated={true}
              path="/roster"
            />,
            <PrivateRoute
              component={[Function]}
              isAuthenticated={true}
              path="/player/new"
            />,
            <Route
              component={[Function]}
            />,
          ],
        },
        "ref": null,
        "rendered": Array [
          Object {
            "instance": null,
            "key": undefined,
            "nodeType": "class",
            "props": Object {
              "exact": true,
              "path": "/",
              "render": [Function],
            },
            "ref": null,
            "rendered": null,
            "type": [Function],
          },
          Object {
            "instance": null,
            "key": undefined,
            "nodeType": "class",
            "props": Object {
              "component": [Function],
              "path": "/login",
            },
            "ref": null,
            "rendered": null,
            "type": [Function],
          },
          Object {
            "instance": null,
            "key": undefined,
            "nodeType": "class",
            "props": Object {
              "component": [Function],
              "path": "/register",
            },
            "ref": null,
            "rendered": null,
            "type": [Function],
          },
          Object {
            "instance": null,
            "key": undefined,
            "nodeType": "function",
            "props": Object {
              "component": [Function],
              "isAuthenticated": true,
              "path": "/roster",
            },
            "ref": null,
            "rendered": null,
            "type": [Function],
          },
          Object {
            "instance": null,
            "key": undefined,
            "nodeType": "function",
            "props": Object {
              "component": [Function],
              "isAuthenticated": true,
              "path": "/player/new",
            },
            "ref": null,
            "rendered": null,
            "type": [Function],
          },
          Object {
            "instance": null,
            "key": undefined,
            "nodeType": "class",
            "props": Object {
              "component": [Function],
            },
            "ref": null,
            "rendered": null,
            "type": [Function],
          },
        ],
        "type": [Function],
      },
      "type": "main",
    },
  ],
  Symbol(enzyme.__options__): Object {
    "adapter": ReactSixteenAdapter {
      "options": Object {
        "enableComponentDidUpdateOnSetState": true,
      },
    },
  },
}
`;
