// Jest Snapshot v1, https://goo.gl/fbAQLP

exports[`Nav Hasn't changed since the last snapshot 1`] = `
ShallowWrapper {
  "length": 1,
  Symbol(enzyme.__root__): [Circular],
  Symbol(enzyme.__unrendered__): <Nav
    isAuthenticated={true}
    receiveLogout={[Function]}
  />,
  Symbol(enzyme.__renderer__): Object {
    "batchedUpdates": [Function],
    "getNode": [Function],
    "render": [Function],
    "simulateEvent": [Function],
    "unmount": [Function],
  },
  Symbol(enzyme.__node__): Object {
    "instance": null,
    "key": undefined,
    "nodeType": "host",
    "props": Object {
      "children": <React.Fragment>
        <Link
          replace={false}
          to="/roster"
        >
          Roster
        </Link>
        <Link
          replace={false}
          to="/player/new"
        >
          Add New
        </Link>
        <Link
          onClick={[Function]}
          replace={false}
          to="/"
        >
          Logout
        </Link>
      </React.Fragment>,
    },
    "ref": null,
    "rendered": Object {
      "instance": null,
      "key": undefined,
      "nodeType": "function",
      "props": Object {
        "children": Array [
          <Link
            replace={false}
            to="/roster"
          >
            Roster
          </Link>,
          <Link
            replace={false}
            to="/player/new"
          >
            Add New
          </Link>,
          <Link
            onClick={[Function]}
            replace={false}
            to="/"
          >
            Logout
          </Link>,
        ],
      },
      "ref": null,
      "rendered": Array [
        Object {
          "instance": null,
          "key": undefined,
          "nodeType": "class",
          "props": Object {
            "children": "Roster",
            "replace": false,
            "to": "/roster",
          },
          "ref": null,
          "rendered": "Roster",
          "type": [Function],
        },
        Object {
          "instance": null,
          "key": undefined,
          "nodeType": "class",
          "props": Object {
            "children": "Add New",
            "replace": false,
            "to": "/player/new",
          },
          "ref": null,
          "rendered": "Add New",
          "type": [Function],
        },
        Object {
          "instance": null,
          "key": undefined,
          "nodeType": "class",
          "props": Object {
            "children": "Logout",
            "onClick": [Function],
            "replace": false,
            "to": "/",
          },
          "ref": null,
          "rendered": "Logout",
          "type": [Function],
        },
      ],
      "type": Symbol(react.fragment),
    },
    "type": "nav",
  },
  Symbol(enzyme.__nodes__): Array [
    Object {
      "instance": null,
      "key": undefined,
      "nodeType": "host",
      "props": Object {
        "children": <React.Fragment>
          <Link
            replace={false}
            to="/roster"
          >
            Roster
          </Link>
          <Link
            replace={false}
            to="/player/new"
          >
            Add New
          </Link>
          <Link
            onClick={[Function]}
            replace={false}
            to="/"
          >
            Logout
          </Link>
        </React.Fragment>,
      },
      "ref": null,
      "rendered": Object {
        "instance": null,
        "key": undefined,
        "nodeType": "function",
        "props": Object {
          "children": Array [
            <Link
              replace={false}
              to="/roster"
            >
              Roster
            </Link>,
            <Link
              replace={false}
              to="/player/new"
            >
              Add New
            </Link>,
            <Link
              onClick={[Function]}
              replace={false}
              to="/"
            >
              Logout
            </Link>,
          ],
        },
        "ref": null,
        "rendered": Array [
          Object {
            "instance": null,
            "key": undefined,
            "nodeType": "class",
            "props": Object {
              "children": "Roster",
              "replace": false,
              "to": "/roster",
            },
            "ref": null,
            "rendered": "Roster",
            "type": [Function],
          },
          Object {
            "instance": null,
            "key": undefined,
            "nodeType": "class",
            "props": Object {
              "children": "Add New",
              "replace": false,
              "to": "/player/new",
            },
            "ref": null,
            "rendered": "Add New",
            "type": [Function],
          },
          Object {
            "instance": null,
            "key": undefined,
            "nodeType": "class",
            "props": Object {
              "children": "Logout",
              "onClick": [Function],
              "replace": false,
              "to": "/",
            },
            "ref": null,
            "rendered": "Logout",
            "type": [Function],
          },
        ],
        "type": Symbol(react.fragment),
      },
      "type": "nav",
    },
  ],
  Symbol(enzyme.__options__): Object {
    "adapter": ReactSixteenAdapter {
      "options": Object {
        "enableComponentDidUpdateOnSetState": true,
      },
    },
  },
}
`;
